----------------------------------------------------------------------------------------------------------------------------------------------------------------------------------
      name:  <unnamed>
       log:  D:\Dropbox\Research\Data\Replication\Forsythe 2021\Replication_games\Logfiles/4_wages.log
  log type:  text
 opened on:  28 Jun 2023, 22:51:58

. 
. * data
. use Data/final_dataset, clear

. 
. * latex path for tables
. global table_path = "$latex_path\Tables"

. 
. * options for regressions
. set matsize 10000

. set emptycells drop

. 
. * command to update/install estout package if needed
. * ssc install estout, replace
. 
. **
. 
. * log wage for eligible/non allocated/in universe
. * sample 
. gen n = ( empstat >= 10 & empstat <= 12  ///
>                   & earnweek_cpiu_2010 > 0 & earnweek_cpiu_2010 < 9999 & eligorg==1 & qearnwee==0 )       

. gen ln_w = ln( earnweek_cpiu_2010 ) if n
(27,056,036 missing values generated)

. 
. 
. **
. 
. * Regressions
. 
. **
. 
. * Table 10, panel A
. local fe = "i.demographic i.date i.state i.occ1990 i.ind1990"

. 
. eststo clear 

. 
. * col (1) - all
. eststo: qui reg ln_w urate `fe' if sample & d_hired==100 [w=weights], vce(cl state) cformat(%9.4f) //all 
(est1 stored)

. estadd local samp "All"

added macro:
               e(samp) : "All"

.         
. * col (2) - employed
. eststo: qui reg ln_w urate `fe' if sample & d_hired==100 & (L.empstat>=10 & L.empstat<=12) [w=weights], vce(cl state) cformat(%9.4f) //from employed 
(est2 stored)

. estadd local samp "Employed"

added macro:
               e(samp) : "Employed"

. 
. * col (3) - unemployed
. eststo: qui reg ln_w urate `fe' if sample & d_hired==100 & (L.empstat>=21 & L.empstat<=22) [w=weights], vce(cl state) cformat(%9.4f) //from unemployed 
(est3 stored)

. estadd local samp "Unemployed"

added macro:
               e(samp) : "Unemployed"

. 
. * col (4) - nilf
. eststo: qui reg ln_w urate `fe' if sample & d_hired==100 & (L.empstat>=32 & L.empstat<=36) [w=weights], vce(cl state) cformat(%9.4f) //from NILF 
(est4 stored)

. estadd local samp "NILF"

added macro:
               e(samp) : "NILF"

. 
. * Stata table
. esttab, keep(urate) se r2 label nomtitles varwidth(35) 

---------------------------------------------------------------------------------------------------
                                             (1)             (2)             (3)             (4)   
---------------------------------------------------------------------------------------------------
U.\ rate                                 -0.0161***     -0.00885         -0.0170***      -0.0221** 
                                       (0.00367)       (0.00441)       (0.00401)       (0.00804)   
---------------------------------------------------------------------------------------------------
Observations                              118520           47243           31641           39636   
R-squared                                  0.407           0.454           0.408           0.336   
---------------------------------------------------------------------------------------------------
Standard errors in parentheses
* p<0.05, ** p<0.01, *** p<0.001

. 
. * latex table
. esttab using "$table_path\table10a.tex", keep(urate) se stats(samp r2 N, label("Sample" "$ R^2 $")) label nomtitles varwidth(35) replace ///
> booktabs title("Log Wages During Recessions for New Hires - Aggregated hires \label{table10a}") 
(output written to D:\Dropbox\Applications\Overleaf\Forsythe (2021) - Replication\Tables\table10a.tex)

. 
. 
. **
. 
. * Table 10, panel B
. eststo  clear

. local variables = "i1.exp_group c.urate#i1.exp_group c.urate#i0.exp_group"

. local fe = "i.demographic i.date i.state i.occ1990 i.ind1990"

. 
. * col (1)
. eststo: qui reg ln_w `variables' `fe' if sample & d_hired==100 [w=weight], vce(cl state) cformat(%9.4f)
(est1 stored)

. quiet test c.urate#i1.exp_group = c.urate#i0.exp_group

. estadd local samp "All"

added macro:
               e(samp) : "All"

. estadd scalar w = r(F)

added scalar:
                  e(w) =  23.974372

. 
. * col (2)
. eststo: qui reg ln_w `variables' `fe' if sample & d_hired==100 & (L.empstat>=10 & L.empstat<=12) [w=weights], vce(cl state) cformat(%9.4f)
(est2 stored)

. quiet test c.urate#i1.exp_group = c.urate#i0.exp_group

. estadd local samp "Employed"

added macro:
               e(samp) : "Employed"

. estadd scalar w = r(F)

added scalar:
                  e(w) =  17.150023

. 
. * col (3)
. eststo: qui reg ln_w `variables' `fe' if sample & d_hired==100 & (L.empstat>=21 & L.empstat<=22) [w=weights], vce(cl state) cformat(%9.4f)
(est3 stored)

. quiet test c.urate#i1.exp_group = c.urate#i0.exp_group

. estadd local samp "Unemployed"

added macro:
               e(samp) : "Unemployed"

. estadd scalar w = r(F)

added scalar:
                  e(w) =  3.4164876

. 
. * col (4)
. eststo: qui reg ln_w `variables' `fe' if sample & d_hired==100 & (L.empstat>=32 & L.empstat<=36) [w=weights], vce(cl state) cformat(%9.4f)
(est4 stored)

. quiet test c.urate#i1.exp_group = c.urate#i0.exp_group

. estadd local samp "NILF"

added macro:
               e(samp) : "NILF"

. estadd scalar w = r(F)

added scalar:
                  e(w) =  9.5185323

. 
. * Stata table
. esttab, keep(*.exp_group*) se stats(samp w r2 N, label("Sample" "Wald test")) ///
>                 nomtitles label varwidth(35) order(1.exp_group 1.exp_group#c.urate 0.exp_group#c.urate) interaction(" X ")

---------------------------------------------------------------------------------------------------
                                             (1)             (2)             (3)             (4)   
---------------------------------------------------------------------------------------------------
PE $\leq$ 10                              -0.121***       -0.172***       -0.151***      -0.0219   
                                        (0.0135)        (0.0221)        (0.0192)        (0.0371)   

PE $\leq$ 10 X U.\ rate                  -0.0250***      -0.0178***      -0.0231***      -0.0318***
                                       (0.00406)       (0.00485)       (0.00545)       (0.00645)   

PE $>$ 10 X U.\ rate                     -0.0103*       -0.00453         -0.0161***      -0.0107   
                                       (0.00419)       (0.00474)       (0.00373)        (0.0107)   
---------------------------------------------------------------------------------------------------
Sample                                       All        Employed      Unemployed            NILF   
Wald test                                  23.97           17.15           3.416           9.519   
r2                                         0.416           0.471           0.418           0.340   
N                                         118520           47243           31641           39636   
---------------------------------------------------------------------------------------------------
Standard errors in parentheses
* p<0.05, ** p<0.01, *** p<0.001

. 
. * latex table
. esttab using "$table_path\table10b.tex", replace keep(*.exp_group*) se stats(samp w r2 N, label("Sample" "Wald test" "$ R^2 $")) ///
>            nomtitles label varwidth(35) order(1.exp_group 1.exp_group#c.urate 0.exp_group#c.urate) interaction(" $\times$ ") ///
>            title("Hiring over the Business Cycle: Young and Experienced \label{table10b}") booktabs
(output written to D:\Dropbox\Applications\Overleaf\Forsythe (2021) - Replication\Tables\table10b.tex)

.                                                                                 
. **
. 
. log close
      name:  <unnamed>
       log:  D:\Dropbox\Research\Data\Replication\Forsythe 2021\Replication_games\Logfiles/4_wages.log
  log type:  text
 closed on:  28 Jun 2023, 22:59:01
----------------------------------------------------------------------------------------------------------------------------------------------------------------------------------
