-------------------------------------------------------------------------------------------------------
      name:  <unnamed>
       log:  C:\Users\jcrechet\Dropbox\Research\Data\Replication\Forsythe 2021\Replication_games\Logfil
> es/5_composition_labor_supply_j.log
  log type:  text
 opened on:  26 Jun 2023, 07:55:16

. 
. * options for regressions with fixed effects
. set matsize 2000

. set emptycells drop

. 
. **
. 
. * tables 5 and 6
. use Data/final_dataset, clear

. 
. ** 
. 
. * latex path for tables
. global table_path = "$latex_path\Tables"

. 
. 
end of do-file

. do "C:\Users\jcrechet\AppData\Local\Temp\STD7848_000000.tmp"

. * Panel B: new hires
. eststo  clear

. eststo: qui reg exp urate i.state i.date i.demographic [w=weights] if sample, vce(cluster state) cfor
> mat(%9.4f)
(est1 stored)

. eststo: qui reg exp urate i.state i.date i.demographic [w=weights] if sample & (L.empstat>=10 & L.e
> mpstat<=12), vce(cluster state) cformat(%9.4f)
(est2 stored)

. eststo: qui reg exp urate i.state i.date i.demographic [w=weights] if sample & (L.empstat>=21 & L.e
> mpstat<=22), vce(cluster state) cformat(%9.4f)
(est3 stored)

. eststo: qui reg exp urate i.state i.date i.demographic [w=weights] if sample & (L.empstat>=32 & L.e
> mpstat<=36), vce(cluster state) cformat(%9.4f)
(est4 stored)

. 
. * Stata table
. di "table 6 panel B"
table 6 panel B

. esttab, keep(urate) se r2 label nonumbers nomtitles

------------------------------------------------------------------------------------
------------------------------------------------------------------------------------
U.\ rate                  -0.0106          0.0364           0.184***       -0.138** 
                         (0.0283)        (0.0206)        (0.0522)        (0.0467)   
------------------------------------------------------------------------------------
Observations             16208583        10584758          630938         4992887   
R-squared                   0.045           0.040           0.064           0.083   
------------------------------------------------------------------------------------
Standard errors in parentheses
* p<0.05, ** p<0.01, *** p<0.001

. 
. * latex table
. esttab  using "$table_path\table6b.tex", keep(urate) se stats(r2 N) label varwidth(35) nonumbers no
> mtitles replace /// 
> booktabs title("Potential Experience within Cells (new hires) \label{table6b}")
(output written to C:\Users\jcrechet\Dropbox\Applications\Overleaf\Forsythe (2021) - Replication\Tabl
> es\table6b.tex)

. 
end of do-file

. do "C:\Users\jcrechet\AppData\Local\Temp\STD7848_000000.tmp"

. * Panel B: new hires
. eststo  clear

. eststo: qui reg exp urate i.state i.date i.demographic [w=weights] if sample & d_hired==100, vce(clus
> ter state) cformat(%9.4f)
(est1 stored)

. eststo: qui reg exp urate i.state i.date i.demographic [w=weights] if sample & d_hired==100 & (L.emps
> tat>=10 & L.empstat<=12), vce(cluster state) cformat(%9.4f)
(est2 stored)

. eststo: qui reg exp urate i.state i.date i.demographic [w=weights] if sample & d_hired==100 & (L.emps
> tat>=21 & L.empstat<=22), vce(cluster state) cformat(%9.4f)
(est3 stored)

. eststo: qui reg exp urate i.state i.date i.demographic [w=weights] if sample & d_hired==100 & (L.emps
> tat>=32 & L.empstat<=36), vce(cluster state) cformat(%9.4f)
(est4 stored)

. 
. * Stata table
. di "table 6 panel B"
table 6 panel B

. esttab, keep(urate) se r2 label nonumbers nomtitles

------------------------------------------------------------------------------------
------------------------------------------------------------------------------------
U.\ rate                    0.132**         0.171***        0.249***       0.0243   
                         (0.0479)        (0.0455)        (0.0595)        (0.0961)   
------------------------------------------------------------------------------------
Observations               564107          211823          140188          212096   
R-squared                   0.069           0.058           0.062           0.110   
------------------------------------------------------------------------------------
Standard errors in parentheses
* p<0.05, ** p<0.01, *** p<0.001

. 
. * latex table
. esttab  using "$table_path\table6b.tex", keep(urate) se stats(r2 N) label varwidth(35) nonumbers nomt
> itles replace /// 
> booktabs title("Potential Experience within Cells (new hires) \label{table6b}")
(output written to C:\Users\jcrechet\Dropbox\Applications\Overleaf\Forsythe (2021) - Replication\Tables
> \table6b.tex)

. 
end of do-file

. exit, clear
